// Jest Snapshot v1, https://goo.gl/fbAQLP

exports[`ApiTokens renders empty result 1`] = `
<SideEffect(DocumentTitle)
  title="API Tokens - Sentry"
>
  <div>
    <SettingsPageHeading
      action={
        <Button
          className="ref-create-token"
          disabled={false}
          priority="primary"
          size="small"
          to="/settings/account/api/auth-tokens/new-token/"
        >
          Create New Token
        </Button>
      }
      title="Auth Tokens"
    />
    <TextBlock>
      Authentication tokens allow you to perform actions against the Sentry API on behalf of your account. They're the easiest way to get started using the API.
    </TextBlock>
    <TextBlock>
      <span
        key="5"
      >
        <span
          key="0"
        >
          For more information on how to use the web API, see our 
        </span>
        <a
          href="https://docs.sentry.io/hosted/api/"
          key="2"
        >
          <span
            key="1"
          >
            documentation
          </span>
        </a>
        <span
          key="3"
        >
          .
        </span>
      </span>
    </TextBlock>
    <TextBlock>
      <small>
        psst. Looking for the 
        <strong>
          DSN
        </strong>
         for an SDK? You'll find that under
         
        <strong>
          [Project] » Settings » Client Keys
        </strong>
        .
      </small>
    </TextBlock>
    <Panel>
      <PanelHeader
        disablePadding={true}
      >
        <Flex
          align="center"
        >
          <Box
            flex="1"
            px={2}
          >
            Auth Token
          </Box>
        </Flex>
      </PanelHeader>
      <PanelBody
        direction="column"
        disablePadding={true}
        flex={false}
      >
        <EmptyMessage>
          You haven't created any authentication tokens yet.
        </EmptyMessage>
      </PanelBody>
    </Panel>
  </div>
</SideEffect(DocumentTitle)>
`;

exports[`ApiTokens renders with result 1`] = `
.glamor-6 {
  font-size: 14px;
  box-shadow: inset 0 -1px 0;
  margin: -20px 0 30px;
}

.glamor-2 {
  box-sizing: border-box;
  display: -webkit-box;
  display: -webkit-flex;
  display: -ms-flexbox;
  display: flex;
  -webkit-align-items: center;
  -webkit-box-align: center;
  -ms-flex-align: center;
  align-items: center;
}

.glamor-0 {
  font-size: 20px;
  font-weight: bold;
  margin: 20px 0;
  -webkit-flex: 1;
  -ms-flex: 1;
  flex: 1;
}

.glamor-8 {
  line-height: 1.5;
  margin-bottom: 30px;
}

.glamor-94 {
  background: #fff;
  border: 1px solid;
  margin-bottom: NaNpx;
  position: relative;
}

.glamor-31 {
  padding-top: 12px;
  padding-bottom: 12px;
  border-bottom: 1px solid;
  border-radius: 0 0;
  text-transform: uppercase;
  font-size: 13px;
  line-height: 1;
}

.glamor-27 {
  font-size: inherit;
  text-transform: inherit;
  margin: 0;
}

.glamor-25 {
  font-size: 12px;
  font-weight: 600;
  text-transform: uppercase;
  margin-bottom: 20px;
  font-size: inherit;
  text-transform: inherit;
  margin: 0;
}

.glamor-20 {
  box-sizing: border-box;
  padding-left: 16px;
  padding-right: 16px;
  -webkit-flex: 1;
  -ms-flex: 1;
  flex: 1;
}

.glamor-90 {
  -webkit-flex-direction: column;
  -ms-flex-direction: column;
  flex-direction: column;
}

.glamor-85 {
  box-sizing: border-box;
  padding: 16px;
  display: -webkit-box;
  display: -webkit-flex;
  display: -ms-flexbox;
  display: flex;
  border-bottom: 1px solid;
  -webkit-flex-direction: column;
  -ms-flex-direction: column;
  flex-direction: column;
}

.glamor-85:last-child {
  border: 0;
}

.glamor-41 {
  box-sizing: border-box;
  display: -webkit-box;
  display: -webkit-flex;
  display: -ms-flexbox;
  display: flex;
}

.glamor-43 {
  box-sizing: border-box;
  -webkit-flex: 1;
  -ms-flex: 1;
  flex: 1;
}

.glamor-39 {
  -webkit-box-flex: 1;
  -webkit-flex-grow: 1;
  -ms-flex-positive: 1;
  flex-grow: 1;
  border: none;
}

.glamor-35 {
  display: block;
  width: 100%;
  background: #fff;
  border: 1px solid;
  box-shadow: inset;
  padding: 0.5em;
  -webkit-transition: border 0.1s linear;
  transition: border 0.1s linear;
  resize: vertical;
  cursor: default;
  border-right-width: 0;
  border-top-right-radius: 0;
  border-bottom-right-radius: 0;
}

.glamor-35:focus {
  outline: none;
}

.glamor-35:hover,
.glamor-35:focus,
.glamor-35:active {
  border: 1px solid;
}

.glamor-35:hover,
.glamor-35:focus {
  border-right-width: 0;
}

.glamor-35:hover,
.glamor-35:focus {
  border-right-width: 0;
}

.glamor-35:hover,
.glamor-35:focus {
  border-right-width: 0;
}

.glamor-35:hover,
.glamor-35:focus {
  border-right-width: 0;
}

.glamor-62 {
  box-sizing: border-box;
  padding-left: 16px;
  -webkit-align-self: flex-start;
  -ms-flex-item-align: start;
  align-self: flex-start;
}

.glamor-58 .button-label {
  padding-top: 9px;
  padding-bottom: 9px;
}

.glamor-52 {
  box-sizing: border-box;
  margin-right: 6px;
  margin-left: -2px;
}

.glamor-48 {
  display: block;
}

.glamor-46 {
  vertical-align: middle;
  display: block;
}

.glamor-80 {
  box-sizing: border-box;
  display: -webkit-box;
  display: -webkit-flex;
  display: -ms-flexbox;
  display: flex;
  margin-top: 10px;
}

.glamor-68 {
  font-size: 13px;
  text-transform: uppercase;
  margin-bottom: 8px;
}

.glamor-70 {
  font-size: 0.9em;
  line-height: 1.4;
}

.glamor-78 {
  box-sizing: border-box;
}

.glamor-76 {
  font-size: 0.9em;
  line-height: 1.4;
}

<ApiTokens>
  <SideEffect(DocumentTitle)
    title="API Tokens - Sentry"
  >
    <DocumentTitle
      title="API Tokens - Sentry"
    >
      <div>
        <SettingsPageHeading
          action={
            <Button
              className="ref-create-token"
              disabled={false}
              priority="primary"
              size="small"
              to="/settings/account/api/auth-tokens/new-token/"
            >
              Create New Token
            </Button>
          }
          title="Auth Tokens"
        >
          <Wrapper>
            <div
              className="glamor-6 glamor-7"
            >
              <Flex
                align="center"
              >
                <Base
                  align="center"
                  className="glamor-2"
                >
                  <div
                    className="glamor-2"
                    is={null}
                  >
                    <Title>
                      <div
                        className="glamor-0 glamor-1"
                      >
                        Auth Tokens
                      </div>
                    </Title>
                    <div>
                      <Button
                        className="ref-create-token"
                        disabled={false}
                        priority="primary"
                        size="small"
                        to="/settings/account/api/auth-tokens/new-token/"
                      >
                        <Link
                          className="ref-create-token button button-primary button-sm"
                          disabled={false}
                          onClick={[Function]}
                          onlyActiveOnIndex={false}
                          role="button"
                          style={Object {}}
                          to="/settings/account/api/auth-tokens/new-token/"
                        >
                          <a
                            className="ref-create-token button button-primary button-sm"
                            disabled={false}
                            onClick={[Function]}
                            role="button"
                            style={Object {}}
                          >
                            <Flex
                              align="center"
                              className="button-label"
                            >
                              <Base
                                align="center"
                                className="button-label glamor-2"
                              >
                                <div
                                  className="button-label glamor-2"
                                  is={null}
                                >
                                  Create New Token
                                </div>
                              </Base>
                            </Flex>
                          </a>
                        </Link>
                      </Button>
                    </div>
                  </div>
                </Base>
              </Flex>
            </div>
          </Wrapper>
        </SettingsPageHeading>
        <TextBlock>
          <Component
            className="glamor-8 glamor-9"
          >
            <div
              className="glamor-8 glamor-9"
            >
              Authentication tokens allow you to perform actions against the Sentry API on behalf of your account. They're the easiest way to get started using the API.
            </div>
          </Component>
        </TextBlock>
        <TextBlock>
          <Component
            className="glamor-8 glamor-9"
          >
            <div
              className="glamor-8 glamor-9"
            >
              <span
                key="5"
              >
                <span
                  key="0"
                >
                  For more information on how to use the web API, see our 
                </span>
                <a
                  href="https://docs.sentry.io/hosted/api/"
                  key="2"
                >
                  <span
                    key="1"
                  >
                    documentation
                  </span>
                </a>
                <span
                  key="3"
                >
                  .
                </span>
              </span>
            </div>
          </Component>
        </TextBlock>
        <TextBlock>
          <Component
            className="glamor-8 glamor-9"
          >
            <div
              className="glamor-8 glamor-9"
            >
              <small>
                psst. Looking for the 
                <strong>
                  DSN
                </strong>
                 for an SDK? You'll find that under
                 
                <strong>
                  [Project] » Settings » Client Keys
                </strong>
                .
              </small>
            </div>
          </Component>
        </TextBlock>
        <Panel>
          <StyledPanel>
            <div
              className="glamor-94 glamor-95"
            >
              <PanelHeader
                disablePadding={true}
              >
                <StyledPanelHeader
                  disablePadding={true}
                >
                  <Component
                    className="glamor-31 glamor-32"
                    disablePadding={true}
                  >
                    <div
                      className="glamor-31 glamor-32"
                    >
                      <StyledPanelHeading>
                        <Component
                          className="glamor-27 glamor-24"
                        >
                          <PanelHeading
                            className="glamor-27 glamor-24"
                          >
                            <div
                              className="glamor-24 glamor-25 glamor-26"
                            >
                              <Flex
                                align="center"
                              >
                                <Base
                                  align="center"
                                  className="glamor-2"
                                >
                                  <div
                                    className="glamor-2"
                                    is={null}
                                  >
                                    <Box
                                      flex="1"
                                      px={2}
                                    >
                                      <Base
                                        className="glamor-20"
                                        flex="1"
                                        px={2}
                                      >
                                        <div
                                          className="glamor-20"
                                          is={null}
                                        >
                                          Auth Token
                                        </div>
                                      </Base>
                                    </Box>
                                  </div>
                                </Base>
                              </Flex>
                            </div>
                          </PanelHeading>
                        </Component>
                      </StyledPanelHeading>
                    </div>
                  </Component>
                </StyledPanelHeader>
              </PanelHeader>
              <PanelBody
                direction="column"
                disablePadding={true}
                flex={false}
              >
                <div
                  className=""
                >
                  <ApiTokenRow
                    key="apitoken123"
                    onRemove={[Function]}
                    token={
                      Object {
                        "dateCreated": 2018-01-12T02:01:41.000Z,
                        "scopes": Array [
                          "scope1",
                          "scope2",
                        ],
                        "token": "apitoken123",
                      }
                    }
                  >
                    <StyledPanelItem
                      p={2}
                    >
                      <PanelItem
                        className="glamor-90 glamor-84"
                        p={2}
                      >
                        <StyledPanelItem
                          className="glamor-90 glamor-84"
                          p={2}
                        >
                          <Base
                            className="glamor-84 glamor-85 glamor-86"
                            p={2}
                          >
                            <div
                              className="glamor-84 glamor-85 glamor-86"
                              is={null}
                            >
                              <div>
                                <Flex>
                                  <Base
                                    className="glamor-41"
                                  >
                                    <div
                                      className="glamor-41"
                                      is={null}
                                    >
                                      <Box
                                        flex="1"
                                      >
                                        <Base
                                          className="glamor-43"
                                          flex="1"
                                        >
                                          <div
                                            className="glamor-43"
                                            is={null}
                                          >
                                            <div
                                              style={
                                                Object {
                                                  "marginBottom": 5,
                                                }
                                              }
                                            >
                                              <small>
                                                <TextCopyInput
                                                  flexValueContainer={false}
                                                  onCopy={[Function]}
                                                  renderer={[Function]}
                                                >
                                                  <Flex>
                                                    <Base
                                                      className="glamor-41"
                                                    >
                                                      <div
                                                        className="glamor-41"
                                                        is={null}
                                                      >
                                                        <OverflowContainer>
                                                          <div
                                                            className="glamor-39 glamor-40"
                                                          >
                                                            <StyledInput
                                                              onClick={[Function]}
                                                              readOnly={true}
                                                              value="apitoken123"
                                                            >
                                                              <Component
                                                                className="glamor-35 glamor-36"
                                                                onClick={[Function]}
                                                                readOnly={true}
                                                                value="apitoken123"
                                                              >
                                                                <input
                                                                  className="glamor-35 glamor-36"
                                                                  onClick={[Function]}
                                                                  readOnly={true}
                                                                  value="apitoken123"
                                                                />
                                                              </Component>
                                                            </StyledInput>
                                                          </div>
                                                        </OverflowContainer>
                                                        <Clipboard
                                                          errorMessage="Error copying to clipboard"
                                                          hideMessages={false}
                                                          hideUnsupported={true}
                                                          onClick={[Function]}
                                                          successMessage="Copied to clipboard"
                                                          value="apitoken123"
                                                        />
                                                      </div>
                                                    </Base>
                                                  </Flex>
                                                </TextCopyInput>
                                              </small>
                                            </div>
                                          </div>
                                        </Base>
                                      </Box>
                                      <Action
                                        pl={2}
                                      >
                                        <Base
                                          className="glamor-62 glamor-63"
                                          pl={2}
                                        >
                                          <div
                                            className="glamor-62 glamor-63"
                                            is={null}
                                          >
                                            <StyledButton
                                              icon="icon-circle-subtract"
                                              onClick={[Function]}
                                              size="small"
                                            >
                                              <Button
                                                className="glamor-58 glamor-59"
                                                disabled={false}
                                                icon="icon-circle-subtract"
                                                onClick={[Function]}
                                                size="small"
                                              >
                                                <button
                                                  className="glamor-58 glamor-59 button button-default button-sm"
                                                  disabled={false}
                                                  onClick={[Function]}
                                                  role="button"
                                                >
                                                  <Flex
                                                    align="center"
                                                    className="button-label"
                                                  >
                                                    <Base
                                                      align="center"
                                                      className="button-label glamor-2"
                                                    >
                                                      <div
                                                        className="button-label glamor-2"
                                                        is={null}
                                                      >
                                                        <Icon
                                                          size="small"
                                                        >
                                                          <Base
                                                            className="glamor-52 glamor-53"
                                                            size="small"
                                                          >
                                                            <div
                                                              className="glamor-52 glamor-53"
                                                              is={null}
                                                              size="small"
                                                            >
                                                              <StyledInlineSvg
                                                                size="12px"
                                                                src="icon-circle-subtract"
                                                              >
                                                                <InlineSvg
                                                                  className="glamor-48 glamor-45"
                                                                  size="12px"
                                                                  src="icon-circle-subtract"
                                                                >
                                                                  <StyledSvg
                                                                    className="glamor-48 glamor-45"
                                                                    height="12px"
                                                                    style={Object {}}
                                                                    viewBox={Object {}}
                                                                    width="12px"
                                                                  >
                                                                    <svg
                                                                      className="glamor-45 glamor-46 glamor-47"
                                                                      height="12px"
                                                                      style={Object {}}
                                                                      viewBox={Object {}}
                                                                      width="12px"
                                                                    >
                                                                      <use
                                                                        href="#test"
                                                                        xlinkHref="#test"
                                                                      />
                                                                    </svg>
                                                                  </StyledSvg>
                                                                </InlineSvg>
                                                              </StyledInlineSvg>
                                                            </div>
                                                          </Base>
                                                        </Icon>
                                                        <span
                                                          className="ref-delete-api-token"
                                                        >
                                                          Remove
                                                        </span>
                                                      </div>
                                                    </Base>
                                                  </Flex>
                                                </button>
                                              </Button>
                                            </StyledButton>
                                          </div>
                                        </Base>
                                      </Action>
                                    </div>
                                  </Base>
                                </Flex>
                              </div>
                              <Details>
                                <Base
                                  className="glamor-80 glamor-81"
                                >
                                  <div
                                    className="glamor-80 glamor-81"
                                    is={null}
                                  >
                                    <Box
                                      flex="1"
                                    >
                                      <Base
                                        className="glamor-43"
                                        flex="1"
                                      >
                                        <div
                                          className="glamor-43"
                                          is={null}
                                        >
                                          <Heading>
                                            <div
                                              className="glamor-68 glamor-69"
                                            >
                                              Scopes
                                            </div>
                                          </Heading>
                                          <ScopeList>
                                            <div
                                              className="glamor-70 glamor-71"
                                            >
                                              scope1, scope2
                                            </div>
                                          </ScopeList>
                                        </div>
                                      </Base>
                                    </Box>
                                    <Box>
                                      <Base
                                        className="glamor-78"
                                      >
                                        <div
                                          className="glamor-78"
                                          is={null}
                                        >
                                          <Heading>
                                            <div
                                              className="glamor-68 glamor-69"
                                            >
                                              Created
                                            </div>
                                          </Heading>
                                          <Time>
                                            <time
                                              className="glamor-76 glamor-77"
                                            >
                                              <DateTime
                                                date={2018-01-12T02:01:41.000Z}
                                                seconds={true}
                                              >
                                                <time>
                                                  Jan 12, 2018 2:01:41 AM UTC
                                                </time>
                                              </DateTime>
                                            </time>
                                          </Time>
                                        </div>
                                      </Base>
                                    </Box>
                                  </div>
                                </Base>
                              </Details>
                            </div>
                          </Base>
                        </StyledPanelItem>
                      </PanelItem>
                    </StyledPanelItem>
                  </ApiTokenRow>
                </div>
              </PanelBody>
            </div>
          </StyledPanel>
        </Panel>
      </div>
    </DocumentTitle>
  </SideEffect(DocumentTitle)>
</ApiTokens>
`;
